next_destroyed ok
post_destroyed ok
destroy_destroyed ok
next_not_engine ok
post_not_engine ok
destroy_not_engine ok
next_unknown ok
next_var ok
destroy_var ok
next_integer ok
next_compound ok
alias_taken ok
alias_taken_atom ok
alias_not_atom ok
stack_option ok
unknown_option ok
unknown_atom_option ok
fetch_no_data ok
