det_next1: true
det_next2: false
det_next3: threw(existence_error,engine)
det_is_engine: true
det_post: true
det_destroy: true
nondet_next1: true
nondet_next2: true
nondet_next3: false
nondet_next4: threw(existence_error,engine)
nondet_destroy: true
fail_next1: false
fail_next2: threw(existence_error,engine)
fail_destroy: true
yield_next1: true
yield_next2: true
yield_next3: false
yield_next4: threw(existence_error,engine)
yield_destroy: true
