get_char ok
peek_char ok
read ok
read_then_get ok
read_then_get2 ok
read_end_token ok
read_end_token_fe ok
read_end_token_80 ok
read_end_token_c0 ok
read_past_layout ok
read_quoted ok
read_quoted_80 ok
read_line_comment ok
read_block_comment ok
peek_twice ok
read_accented ok
read_accented_quoted ok
read_accented_line_comment ok
read_accented_block_comment ok
