a_again: [1-1,2-2]
a_again3: [1,2,3]
a_some: [1-1,2-A,3-3]
a_cont: [1-after(1),2-after(2)]
b_after_exit: [none(1),none(2)]
b_after_shift: [ok(1),ok(2)]
b_outer_exit: [1-y,2-y]
b_outer_shift: [1-in(1)-out,2-in(2)-out]
b_nested: [1-A,2-B]
w_call: 1
w_once: 1
w_catch: 1
w_ite: 1
w_calln: 1
w_nested_call: 1
w_soft: 1
w_soft_choices: [1-1,2-1]
w_pred_call: 1
w_pred_catch: 1
w_pred_ite: 1
w_pred_once: 1
w_pred_after: 1-2
w_pred_after_catch: 1-2
w_pred_soft_then: 1
w_pred_soft_cond: 1
