p_ite_else: [else]
p_ite_then: [then]
p_ite_chain: [other]
p_ite_cond_choices: [z(2)]
p_disj: [left,right]
p_if_then: [yes]
p_soft: [got(1),got(2)]
p_soft_else: [none]
p_soft_then: [s1,s2]
p_if3: [else]
p_if3_choices: [z(1),z(2)]
p_not: [yes]
p_not_true: [no]
p_notunify: [differ]
p_ignore: [ignored]
p_call: [c1,c2]
p_calln: [n1,n2]
p_once: [o1]
p_catch_throw: [caught(oops)]
p_catch_ok: [k1,k2]
p_catch_nested: [caught(two)]
w_twice: 1-2-b
