quads: FAILED 4, test1154.pl:19
   ?- X= -X.
   expected: sto,X= - - + ...
quads: MALFORMED 5, test1154.pl:24
   ?- X= -X.
   not an answer: X= - - -X
quads: FAILED 7, test1154.pl:34
   ?- X= -X.
   expected: sto,X= - - +X
quads: FAILED 8, test1154.pl:39
   ?- X= - - -Y.
   expected: sto,X= - - - ...
quads: FAILED 9, test1154.pl:44
   ?- X= -X.
   expected: sto,false
quads: FAILED 13, test1154.pl:85
   ?- \+ \+X=f(X).
   expected: true
quads: FAILED 15, test1154.pl:93
   ?- X=f(X),false.
   expected: false
quads: FAILED 17, test1154.pl:101
   ?- X=f(X),throw(x).
   expected: throw(x)
quads: FAILED 19, test1154.pl:112
   ?- X=1;X=f(X).
   expected: sto,X=1;X=f(X)
quads: FAILED 24, test1154.pl:142
   ?- member(X,X).
   expected: loops
quads: 26 run, 16 passed, 10 failed.
