must_be(nontype,0) threw(error(type_error(type,nontype),must_be/2))
can_be(nontype,0) threw(error(type_error(type,nontype),can_be/2))
must_be(nontype,A) threw(error(type_error(type,nontype),must_be/2))
can_be(nontype,A) threw(error(type_error(type,nontype),can_be/2))
must_be(1,0) threw(error(type_error(type,1),must_be/2))
can_be(1,0) threw(error(type_error(type,1),can_be/2))
must_be(integer(x),a) threw(error(type_error(type,integer(x)),must_be/2))
can_be(integer(x),a) threw(error(type_error(type,integer(x)),can_be/2))
must_be(list(nontype),[a]) threw(error(type_error(type,list(nontype)),must_be/2))
must_be(A,0) threw(error(instantiation_error,not_sufficiently_instantiated))
can_be(A,0) threw(error(instantiation_error,not_sufficiently_instantiated))
must_be(list(A),[a]) threw(error(instantiation_error,not_sufficiently_instantiated))
must_be(integer,0) ok
must_be(integer,a) threw(error(type_error(integer,a),must_be/2))
can_be(integer,A) ok
must_be(list(integer),[1]) ok
must_be(list(integer),[a]) threw(error(type_error(integer,a),must_be/2))
must_be(list(list(integer)),[[1]]) ok
can_be(list(integer),[1]) ok
must_be(assoc,t) ok
must_be(assoc,t(k,v,<,t,t)) ok
must_be(assoc,t(k,v)) threw(error(type_error(assoc,t(k,v)),must_be/2))
must_be(assoc,foo) threw(error(type_error(assoc,foo),must_be/2))
must_be(assoc,1) threw(error(type_error(assoc,1),must_be/2))
can_be(assoc,A) ok
can_be(assoc,t) ok
can_be(assoc,foo) threw(error(type_error(assoc,foo),can_be/2))
